// Jest Snapshot v1, https://goo.gl/fbAQLP

exports[`matches snapshot 1`] = `
<div
  classes="main-content"
>
  <div
    className="row"
  >
    <div
      className="col-3"
      data-testid="sidebar"
    >
      <div
        className="accordion"
      >
        <h4
          className="font-text"
        >
          Departments
        </h4>
        <br />
        <div
          className="accordion-item"
        />
      </div>
    </div>
    <div
      className="col"
      data-testid="employeeList"
    />
  </div>
</div>
`;
